Archive member included because of file (symbol)

c:/program files (x86)/gnu tools arm embedded/4.6 2012q2/bin/../lib/gcc/arm-none-eabi/4.6.2/armv7-m\libgcc.a(_arm_addsubsf3.o)
                              ..\obj\midiutil.o (__aeabi_fsub)
c:/program files (x86)/gnu tools arm embedded/4.6 2012q2/bin/../lib/gcc/arm-none-eabi/4.6.2/armv7-m\libgcc.a(_arm_muldivsf3.o)
                              ..\obj\midiutil.o (__aeabi_fdiv)
c:/program files (x86)/gnu tools arm embedded/4.6 2012q2/bin/../lib/gcc/arm-none-eabi/4.6.2/armv7-m\libgcc.a(_arm_cmpsf2.o)
                              ..\obj\midiutil.o (__aeabi_fcmplt)
c:/program files (x86)/gnu tools arm embedded/4.6 2012q2/bin/../lib/gcc/arm-none-eabi/4.6.2/../../../../arm-none-eabi/lib/armv7-m\libg.a(lib_a-atoi.o)
                              ..\obj\midiutil.o (atoi)
c:/program files (x86)/gnu tools arm embedded/4.6 2012q2/bin/../lib/gcc/arm-none-eabi/4.6.2/../../../../arm-none-eabi/lib/armv7-m\libg.a(lib_a-ctype_.o)
                              ..\obj\midiutil.o (__ctype_ptr__)
c:/program files (x86)/gnu tools arm embedded/4.6 2012q2/bin/../lib/gcc/arm-none-eabi/4.6.2/../../../../arm-none-eabi/lib/armv7-m\libg.a(lib_a-fclose.o)
                              ..\obj\midifile.o (fclose)
c:/program files (x86)/gnu tools arm embedded/4.6 2012q2/bin/../lib/gcc/arm-none-eabi/4.6.2/../../../../arm-none-eabi/lib/armv7-m\libg.a(lib_a-fflush.o)
                              c:/program files (x86)/gnu tools arm embedded/4.6 2012q2/bin/../lib/gcc/arm-none-eabi/4.6.2/../../../../arm-none-eabi/lib/armv7-m\libg.a(lib_a-fclose.o) (_fflush_r)
c:/program files (x86)/gnu tools arm embedded/4.6 2012q2/bin/../lib/gcc/arm-none-eabi/4.6.2/../../../../arm-none-eabi/lib/armv7-m\libg.a(lib_a-findfp.o)
                              c:/program files (x86)/gnu tools arm embedded/4.6 2012q2/bin/../lib/gcc/arm-none-eabi/4.6.2/../../../../arm-none-eabi/lib/armv7-m\libg.a(lib_a-fclose.o) (__sinit)
c:/program files (x86)/gnu tools arm embedded/4.6 2012q2/bin/../lib/gcc/arm-none-eabi/4.6.2/../../../../arm-none-eabi/lib/armv7-m\libg.a(lib_a-freer.o)
                              c:/program files (x86)/gnu tools arm embedded/4.6 2012q2/bin/../lib/gcc/arm-none-eabi/4.6.2/../../../../arm-none-eabi/lib/armv7-m\libg.a(lib_a-fclose.o) (_free_r)
c:/program files (x86)/gnu tools arm embedded/4.6 2012q2/bin/../lib/gcc/arm-none-eabi/4.6.2/../../../../arm-none-eabi/lib/armv7-m\libg.a(lib_a-fwalk.o)
                              c:/program files (x86)/gnu tools arm embedded/4.6 2012q2/bin/../lib/gcc/arm-none-eabi/4.6.2/../../../../arm-none-eabi/lib/armv7-m\libg.a(lib_a-findfp.o) (_fwalk)
c:/program files (x86)/gnu tools arm embedded/4.6 2012q2/bin/../lib/gcc/arm-none-eabi/4.6.2/../../../../arm-none-eabi/lib/armv7-m\libg.a(lib_a-impure.o)
                              c:/program files (x86)/gnu tools arm embedded/4.6 2012q2/bin/../lib/gcc/arm-none-eabi/4.6.2/../../../../arm-none-eabi/lib/armv7-m\libg.a(lib_a-fflush.o) (_global_impure_ptr)
c:/program files (x86)/gnu tools arm embedded/4.6 2012q2/bin/../lib/gcc/arm-none-eabi/4.6.2/../../../../arm-none-eabi/lib/armv7-m\libg.a(lib_a-malloc.o)
                              ..\obj\midifile.o (free)
c:/program files (x86)/gnu tools arm embedded/4.6 2012q2/bin/../lib/gcc/arm-none-eabi/4.6.2/../../../../arm-none-eabi/lib/armv7-m\libg.a(lib_a-mallocr.o)
                              c:/program files (x86)/gnu tools arm embedded/4.6 2012q2/bin/../lib/gcc/arm-none-eabi/4.6.2/../../../../arm-none-eabi/lib/armv7-m\libg.a(lib_a-findfp.o) (_malloc_r)
c:/program files (x86)/gnu tools arm embedded/4.6 2012q2/bin/../lib/gcc/arm-none-eabi/4.6.2/../../../../arm-none-eabi/lib/armv7-m\libg.a(lib_a-memcpy.o)
                              ..\obj\midiutil.o (memcpy)
c:/program files (x86)/gnu tools arm embedded/4.6 2012q2/bin/../lib/gcc/arm-none-eabi/4.6.2/../../../../arm-none-eabi/lib/armv7-m\libg.a(lib_a-memset.o)
                              c:/program files (x86)/gnu tools arm embedded/4.6 2012q2/bin/../lib/gcc/arm-none-eabi/4.6.2/../../../../arm-none-eabi/lib/armv7-m\libg.a(lib_a-findfp.o) (memset)
c:/program files (x86)/gnu tools arm embedded/4.6 2012q2/bin/../lib/gcc/arm-none-eabi/4.6.2/../../../../arm-none-eabi/lib/armv7-m\libg.a(lib_a-mlock.o)
                              c:/program files (x86)/gnu tools arm embedded/4.6 2012q2/bin/../lib/gcc/arm-none-eabi/4.6.2/../../../../arm-none-eabi/lib/armv7-m\libg.a(lib_a-freer.o) (__malloc_lock)
c:/program files (x86)/gnu tools arm embedded/4.6 2012q2/bin/../lib/gcc/arm-none-eabi/4.6.2/../../../../arm-none-eabi/lib/armv7-m\libg.a(lib_a-realloc.o)
                              ..\obj\midifile.o (realloc)
c:/program files (x86)/gnu tools arm embedded/4.6 2012q2/bin/../lib/gcc/arm-none-eabi/4.6.2/../../../../arm-none-eabi/lib/armv7-m\libg.a(lib_a-reallocr.o)
[...]
Memory Configuration

Name             Origin             Length             Attributes
rom              0x08000000         0x00020000         xr
ram              0x20000000         0x00002000         xrw
*default*        0x00000000         0xffffffff

Linker script and memory map

                0x20002000                _eram = 0x20002000

.text           0x08000000     0x859c
 *(.isr_vector .isr_vector.*)
 .isr_vector    0x08000000      0x124 ..\obj\startup_stm32f10x_md_vl.o
                0x08000000                g_pfnVectors
 *(.text .text.* .gnu.linkonce.t.*)
 .text.read_mem_from_pos
                0x08000124       0x38 ..\obj\midifile.o
 .text.read_dword_value_from_pos
                0x0800015c       0x2c ..\obj\midifile.o
 .text.read_word_value_from_pos
                0x08000188       0x2c ..\obj\midifile.o
 .text.read_byte_value_from_pos
                0x080001b4       0x2c ..\obj\midifile.o
 .text.read_string_from_pos_s
                0x080001e0       0x30 ..\obj\midifile.o
 .text._midiValidateTrack
                0x08000210       0x58 ..\obj\midifile.o
 .text.put_rc   0x08000268       0x6c ..\obj\midifile.o
 .text.scan_files
                0x080002d4      0x168 ..\obj\midifile.o
 .text.mount_sd_card
                0x0800043c      0x278 ..\obj\midifile.o
                0x0800043c                mount_sd_card
 .text.midiFileOpen
                0x080006b4      0x28c ..\obj\midifile.o
                0x080006b4                midiFileOpen
 .text._midiReadVarLen2
                0x08000940       0x64 ..\obj\midifile.o
 .text._midiReadTrackCopyData2
                0x080009a4       0x80 ..\obj\midifile.o
 .text.midiReadGetNumTracks
                0x08000a24       0x1c ..\obj\midifile.o
                0x08000a24                midiReadGetNumTracks
 .text.midiReadGetNextMessage
                0x08000a40      0x5a4 ..\obj\midifile.o
                0x08000a40                midiReadGetNextMessage
 .text.midiReadInitMessage
                0x08000fe4       0x1c ..\obj\midifile.o
                0x08000fe4                midiReadInitMessage
 .text.ff_convert
                0x08001000       0x88 ..\obj\unicode.o
                0x08001000                ff_convert
 .text.ff_wtoupper
                0x08001088       0x70 ..\obj\unicode.o
                0x08001088                ff_wtoupper
 .text.Default_Reset_Handler
                0x080010f8       0x6c ..\obj\startup_stm32f10x_md_vl.o
                0x080010f8                Default_Reset_Handler
                0x080010f8                Reset_Handler
 .text.Default_Handler
                0x08001164        0x8 ..\obj\startup_stm32f10x_md_vl.o
                0x08001164                EXTI2_IRQHandler
                0x08001164                TIM1_CC_IRQHandler
                0x08001164                HardFault_Handler
                0x08001164                PVD_IRQHandler
                0x08001164                EXTI3_IRQHandler
                0x08001164                EXTI0_IRQHandler
                0x08001164                I2C2_EV_IRQHandler
                0x08001164                TIM1_UP_TIM16_IRQHandler
                0x08001164                SPI1_IRQHandler
                0x08001164                TAMPER_IRQHandler
                0x08001164                TIM6_DAC_IRQHandler
                0x08001164                DMA1_Channel4_IRQHandler
                0x08001164                ADC1_IRQHandler
                0x08001164                USART3_IRQHandler
                0x08001164                RTC_IRQHandler
                0x08001164                DMA1_Channel7_IRQHandler
                0x08001164                TIM4_IRQHandler
                0x08001164                I2C1_EV_IRQHandler
                0x08001164                DMA1_Channel6_IRQHandler
                0x08001164                TIM3_IRQHandler
                0x08001164                RCC_IRQHandler
                0x08001164                DMA1_Channel1_IRQHandler
                0x08001164                CEC_IRQHandler
                0x08001164                EXTI15_10_IRQHandler
                0x08001164                TIM7_IRQHandler
                0x08001164                EXTI9_5_IRQHandler
                0x08001164                SPI2_IRQHandler
                0x08001164                DMA1_Channel5_IRQHandler
                0x08001164                EXTI4_IRQHandler
                0x08001164                TIM1_TRG_COM_TIM17_IRQHandler
                0x08001164                DMA1_Channel3_IRQHandler
                0x08001164                WWDG_IRQHandler
                0x08001164                TIM2_IRQHandler
                0x08001164                EXTI1_IRQHandler
                0x08001164                RTCAlarm_IRQHandler
                0x08001164                USART2_IRQHandler
                0x08001164                I2C2_ER_IRQHandler
                0x08001164                DMA1_Channel2_IRQHandler
                0x08001164                FLASH_IRQHandler
                0x08001164                USART1_IRQHandler
                0x08001164                I2C1_ER_IRQHandler
                0x08001164                TIM1_BRK_TIM15_IRQHandler
 .text.SystemInit
                0x0800116c       0xb8 ..\obj\system_stm32f10x.o
                0x0800116c                SystemInit
 .text.SetSysClock
                0x08001224        0xc ..\obj\system_stm32f10x.o
 .text.SetSysClockTo24
                0x08001230      0x15c ..\obj\system_stm32f10x.o
 .text.InitializeUart
                0x0800138c       0x90 ..\obj\uart.o
                0x0800138c                InitializeUart
 .text.fputc    0x0800141c       0x40 ..\obj\uart.o
                0x0800141c                fputc
 .text.GPIO_Init
                0x0800145c      0x1b0 ..\obj\stm32f10x_gpio.o
                0x0800145c                GPIO_Init
 .text.GPIO_SetBits
                0x0800160c       0x1c ..\obj\stm32f10x_gpio.o
                0x0800160c                GPIO_SetBits
 .text.GPIO_ResetBits
                0x08001628       0x1c ..\obj\stm32f10x_gpio.o
                0x08001628                GPIO_ResetBits
 .text.GPIO_WriteBit
                0x08001644       0x30 ..\obj\stm32f10x_gpio.o
                0x08001644                GPIO_WriteBit
 .text.NVIC_SetPriority
                0x08001674       0x5c ..\obj\main.o
 .text.SysTick_Config
                0x080016d0       0x64 ..\obj\main.o
 .text.playMidiFile
                0x08001734      0x254 ..\obj\main.o
                0x08001734                playMidiFile
 .text.main     0x08001988       0xcc ..\obj\main.o
                0x08001988                main
 .text.PutChar  0x08001a54       0x24 ..\obj\printf.o
                0x08001a54                PutChar
 .text.PutString
                0x08001a78       0x48 ..\obj\printf.o
                0x08001a78                PutString
 .text.PutUnsignedInt
                0x08001ac0       0xbc ..\obj\printf.o
                0x08001ac0                PutUnsignedInt
 .text.PutSignedInt
                0x08001b7c      0x130 ..\obj\printf.o
                0x08001b7c                PutSignedInt
 .text.PutHexa  0x08001cac       0xe8 ..\obj\printf.o
                0x08001cac                PutHexa
 .text.vsnprintf
                0x08001d94      0x2b0 ..\obj\printf.o
                0x08001d94                vsnprintf
 .text.vsprintf
                0x08002044       0x28 ..\obj\printf.o
                0x08002044                vsprintf
 .text.vfprintf
                0x0800206c       0x88 ..\obj\printf.o
                0x0800206c                vfprintf
 .text.vprintf  0x080020f4       0x2c ..\obj\printf.o
                0x080020f4                vprintf
 .text.printf   0x08002120       0x2c ..\obj\printf.o
                0x08002120                printf
 .text.sprintf  0x0800214c       0x30 ..\obj\printf.o
                0x0800214c                sprintf
 .text.puts     0x0800217c       0x28 ..\obj\printf.o
                0x0800217c                puts
 .text.fputs    0x080021a4       0x50 ..\obj\printf.o
                0x080021a4                fputs
 .text.RCC_GetClocksFreq
                0x080021f4      0x1cc ..\obj\stm32f10x_rcc.o
                0x080021f4                RCC_GetClocksFreq
 .text.RCC_APB2PeriphClockCmd
                0x080023c0       0x58 ..\obj\stm32f10x_rcc.o
                0x080023c0                RCC_APB2PeriphClockCmd
 .text.RCC_APB1PeriphClockCmd
                0x08002418       0x58 ..\obj\stm32f10x_rcc.o
                0x08002418                RCC_APB1PeriphClockCmd
 .text.RCC_APB2PeriphResetCmd
                0x08002470       0x58 ..\obj\stm32f10x_rcc.o
                0x08002470                RCC_APB2PeriphResetCmd
 .text.RCC_APB1PeriphResetCmd
                0x080024c8       0x58 ..\obj\stm32f10x_rcc.o
                0x080024c8                RCC_APB1PeriphResetCmd
 .text.RCC_MCOConfig
                0x08002520       0x20 ..\obj\stm32f10x_rcc.o
                0x08002520                RCC_MCOConfig
 .text.USART_Init
                0x08002540      0x1ac ..\obj\stm32f10x_usart.o
                0x08002540                USART_Init
 .text.USART_Cmd
                0x080026ec       0x40 ..\obj\stm32f10x_usart.o
                0x080026ec                USART_Cmd
 .text.USART_SendData
                0x0800272c       0x28 ..\obj\stm32f10x_usart.o
                0x0800272c                USART_SendData
 .text.USART_GetFlagStatus
                0x08002754       0x40 ..\obj\stm32f10x_usart.o
                0x08002754                USART_GetFlagStatus
 .text._sbrk    0x08002794       0x5c ..\obj\syscalls.o
                0x08002794                _sbrk
 .text.muGetMIDIMsgName
                0x080027f0      0x190 ..\obj\midiutil.o
                0x080027f0                muGetMIDIMsgName
 .text.muGetNameFromNote
                0x08002980       0xa8 ..\obj\midiutil.o
                0x08002980                muGetNameFromNote
 .text.NMI_Handler
                0x08002a28        0xc ..\obj\stm32f10x_it.o
                0x08002a28                NMI_Handler
 .text.MemManage_Handler
                0x08002a34        0x8 ..\obj\stm32f10x_it.o
                0x08002a34                MemManage_Handler
 .text.BusFault_Handler
                0x08002a3c        0x8 ..\obj\stm32f10x_it.o
                0x08002a3c                BusFault_Handler
 .text.UsageFault_Handler
                0x08002a44        0x8 ..\obj\stm32f10x_it.o
                0x08002a44                UsageFault_Handler
 .text.SVC_Handler
                0x08002a4c        0xc ..\obj\stm32f10x_it.o
                0x08002a4c                SVC_Handler
 .text.DebugMon_Handler
                0x08002a58        0xc ..\obj\stm32f10x_it.o
                0x08002a58                DebugMon_Handler
 .text.PendSV_Handler
                0x08002a64        0xc ..\obj\stm32f10x_it.o
                0x08002a64                PendSV_Handler
 .text.SysTick_Handler
                0x08002a70       0xd0 ..\obj\stm32f10x_it.o
                0x08002a70                SysTick_Handler
 .text.mem_cpy  0x08002b40       0x50 ..\obj\ff.o
 .text.mem_set  0x08002b90       0x44 ..\obj\ff.o
 .text.mem_cmp  0x08002bd4       0x70 ..\obj\ff.o
 .text.chk_chr  0x08002c44       0x38 ..\obj\ff.o
 .text.sync_window
                0x08002c7c       0xa4 ..\obj\ff.o
 .text.move_window
                0x08002d20       0x60 ..\obj\ff.o
 .text.clust2sect
                0x08002d80       0x44 ..\obj\ff.o
                0x08002d80                clust2sect
 .text.get_fat  0x08002dc4      0x1a0 ..\obj\ff.o
                0x08002dc4                get_fat
 .text.put_fat  0x08002f64      0x25c ..\obj\ff.o
                0x08002f64                put_fat
 .text.remove_chain
                0x080031c0       0xb0 ..\obj\ff.o
 .text.create_chain
                0x08003270      0x130 ..\obj\ff.o
 .text.dir_sdi  0x080033a0      0x118 ..\obj\ff.o
 .text.dir_next
                0x080034b8      0x1d8 ..\obj\ff.o
 .text.dir_alloc
                0x08003690       0x90 ..\obj\ff.o
 .text.ld_clust
                0x08003720       0x64 ..\obj\ff.o
 .text.st_clust
                0x08003784       0x5c ..\obj\ff.o
 .text.cmp_lfn  0x080037e0      0x100 ..\obj\ff.o
 .text.pick_lfn
                0x080038e0       0xf0 ..\obj\ff.o
 .text.fit_lfn  0x080039d0      0x110 ..\obj\ff.o
 .text.gen_numname
                0x08003ae0      0x108 ..\obj\ff.o
                0x08003ae0                gen_numname
 .text.sum_sfn  0x08003be8       0x50 ..\obj\ff.o
 .text.dir_find
                0x08003c38      0x170 ..\obj\ff.o
 .text.dir_read
                0x08003da8      0x14c ..\obj\ff.o
 .text.dir_register
                0x08003ef4      0x234 ..\obj\ff.o
 .text.create_name
                0x08004128      0x3c4 ..\obj\ff.o
 .text.get_fileinfo
                0x080044ec      0x234 ..\obj\ff.o
 .text.follow_path
                0x08004720       0xe4 ..\obj\ff.o
 .text.check_fs
                0x08004804       0xe8 ..\obj\ff.o
 .text.chk_mounted
                0x080048ec      0x60c ..\obj\ff.o
 .text.validate
                0x08004ef8       0x78 ..\obj\ff.o
 .text.f_mount  0x08004f70       0x64 ..\obj\ff.o
                0x08004f70                f_mount
 .text.f_open   0x08004fd4      0x2e0 ..\obj\ff.o
                0x08004fd4                f_open
 .text.f_read   0x080052b4      0x2e8 ..\obj\ff.o
                0x080052b4                f_read
 .text.f_lseek  0x0800559c      0x2e0 ..\obj\ff.o
                0x0800559c                f_lseek
 .text.f_opendir
                0x0800587c       0xe0 ..\obj\ff.o
                0x0800587c                f_opendir
 .text.f_readdir
                0x0800595c       0xa4 ..\obj\ff.o
                0x0800595c                f_readdir
 .text.f_getfree
                0x08005a00      0x1c4 ..\obj\ff.o
                0x08005a00                f_getfree
 .text.SPI_I2S_DeInit
                0x08005bc4       0x88 ..\obj\stm32f10x_spi.o
                0x08005bc4                SPI_I2S_DeInit
 .text.SPI_Init
                0x08005c4c       0x88 ..\obj\stm32f10x_spi.o
                0x08005c4c                SPI_Init
 .text.SPI_Cmd  0x08005cd4       0x40 ..\obj\stm32f10x_spi.o
                0x08005cd4                SPI_Cmd
 .text.SPI_I2S_SendData
                0x08005d14       0x1c ..\obj\stm32f10x_spi.o
                0x08005d14                SPI_I2S_SendData
 .text.SPI_I2S_ReceiveData
                0x08005d30       0x1c ..\obj\stm32f10x_spi.o
                0x08005d30                SPI_I2S_ReceiveData
 .text.SPI_CalculateCRC
                0x08005d4c       0x40 ..\obj\stm32f10x_spi.o
                0x08005d4c                SPI_CalculateCRC
 .text.SPI_I2S_GetFlagStatus
                0x08005d8c       0x40 ..\obj\stm32f10x_spi.o
                0x08005d8c                SPI_I2S_GetFlagStatus
 .text.get_fattime
                0x08005dcc       0x10 ..\obj\fattime.o
                0x08005dcc                get_fattime
 .text.interface_speed
                0x08005ddc       0x4c ..\obj\sd_spi_stm32.o
 .text.socket_wp_init
                0x08005e28        0xc ..\obj\sd_spi_stm32.o
 .text.socket_is_write_protected
                0x08005e34       0x10 ..\obj\sd_spi_stm32.o
 .text.socket_cp_init
                0x08005e44        0xc ..\obj\sd_spi_stm32.o
 .text.socket_is_empty
                0x08005e50       0x10 ..\obj\sd_spi_stm32.o
 .text.card_power
                0x08005e60       0x14 ..\obj\sd_spi_stm32.o
 .text.chk_power
                0x08005e74       0x10 ..\obj\sd_spi_stm32.o
 .text.stm32_spi_rw
                0x08005e84       0x50 ..\obj\sd_spi_stm32.o
 .text.rcvr_spi
                0x08005ed4       0x14 ..\obj\sd_spi_stm32.o
 .text.wait_ready
                0x08005ee8       0x40 ..\obj\sd_spi_stm32.o
 .text.release_spi
                0x08005f28       0x1c ..\obj\sd_spi_stm32.o
 .text.power_on
                0x08005f44      0x15c ..\obj\sd_spi_stm32.o
 .text.power_off
                0x080060a0       0xa4 ..\obj\sd_spi_stm32.o
 .text.rcvr_datablock
                0x08006144       0xc4 ..\obj\sd_spi_stm32.o
 .text.xmit_datablock
                0x08006208       0x98 ..\obj\sd_spi_stm32.o
 .text.send_cmd
                0x080062a0      0x104 ..\obj\sd_spi_stm32.o
 .text.disk_initialize
                0x080063a4      0x21c ..\obj\sd_spi_stm32.o
                0x080063a4                disk_initialize
 .text.disk_status
                0x080065c0       0x30 ..\obj\sd_spi_stm32.o
                0x080065c0                disk_status
 .text.disk_read
                0x080065f0       0xe8 ..\obj\sd_spi_stm32.o
                0x080065f0                disk_read
 .text.disk_write
                0x080066d8      0x12c ..\obj\sd_spi_stm32.o
                0x080066d8                disk_write
 .text.disk_ioctl
                0x08006804      0x444 ..\obj\sd_spi_stm32.o
                0x08006804                disk_ioctl
 .text.disk_timerproc
                0x08006c48      0x100 ..\obj\sd_spi_stm32.o
                0x08006c48                disk_timerproc
 .text._malloc_trim_r
                0x08006d48       0xa0 c:/program files (x86)/gnu tools arm embedded/4.6 2012q2/bin/../lib/gcc/arm-none-eabi/4.6.2/../../../../arm-none-eabi/lib/armv7-m\libg.a(lib_a-freer.o)
                0x08006d48                _malloc_trim_r
 .text._free_r  0x08006de8      0x190 c:/program files (x86)/gnu tools arm embedded/4.6 2012q2/bin/../lib/gcc/arm-none-eabi/4.6.2/../../../../arm-none-eabi/lib/armv7-m\libg.a(lib_a-freer.o)
                0x08006de8                _free_r
 .text._malloc_r
                0x08006f78      0x528 c:/program files (x86)/gnu tools arm embedded/4.6 2012q2/bin/../lib/gcc/arm-none-eabi/4.6.2/../../../../arm-none-eabi/lib/armv7-m\libg.a(lib_a-mallocr.o)
                0x08006f78                _malloc_r
 .text.memcpy   0x080074a0       0x84 c:/program files (x86)/gnu tools arm embedded/4.6 2012q2/bin/../lib/gcc/arm-none-eabi/4.6.2/../../../../arm-none-eabi/lib/armv7-m\libg.a(lib_a-memcpy.o)
                0x080074a0                memcpy
 .text.__malloc_lock
                0x08007524        0x4 c:/program files (x86)/gnu tools arm embedded/4.6 2012q2/bin/../lib/gcc/arm-none-eabi/4.6.2/../../../../arm-none-eabi/lib/armv7-m\libg.a(lib_a-mlock.o)
                0x08007524                __malloc_lock
 .text.__malloc_unlock
                0x08007528        0x4 c:/program files (x86)/gnu tools arm embedded/4.6 2012q2/bin/../lib/gcc/arm-none-eabi/4.6.2/../../../../arm-none-eabi/lib/armv7-m\libg.a(lib_a-mlock.o)
                0x08007528                __malloc_unlock
 .text.realloc  0x0800752c       0x14 c:/program files (x86)/gnu tools arm embedded/4.6 2012q2/bin/../lib/gcc/arm-none-eabi/4.6.2/../../../../arm-none-eabi/lib/armv7-m\libg.a(lib_a-realloc.o)
                0x0800752c                realloc
 .text._realloc_r
                0x08007540      0x3f4 c:/program files (x86)/gnu tools arm embedded/4.6 2012q2/bin/../lib/gcc/arm-none-eabi/4.6.2/../../../../arm-none-eabi/lib/armv7-m\libg.a(lib_a-reallocr.o)
                0x08007540                _realloc_r
 .text._sbrk_r  0x08007934       0x24 c:/program files (x86)/gnu tools arm embedded/4.6 2012q2/bin/../lib/gcc/arm-none-eabi/4.6.2/../../../../arm-none-eabi/lib/armv7-m\libg.a(lib_a-sbrkr.o)
                0x08007934                _sbrk_r
 .text.strcpy   0x08007958       0xbc c:/program files (x86)/gnu tools arm embedded/4.6 2012q2/bin/../lib/gcc/arm-none-eabi/4.6.2/../../../../arm-none-eabi/lib/armv7-m\libg.a(lib_a-strcpy.o)
                0x08007958                strcpy
 .text.strlen   0x08007a14       0x60 c:/program files (x86)/gnu tools arm embedded/4.6 2012q2/bin/../lib/gcc/arm-none-eabi/4.6.2/../../../../arm-none-eabi/lib/armv7-m\libg.a(lib_a-strlen.o)
                0x08007a14                strlen
 .text.memmove  0x08007a74       0xb0 c:/program files (x86)/gnu tools arm embedded/4.6 2012q2/bin/../lib/gcc/arm-none-eabi/4.6.2/../../../../arm-none-eabi/lib/armv7-m\libg.a(lib_a-memmove.o)
                0x08007a74                memmove
 *(.glue_7t)
 .glue_7t       0x00000000        0x0 linker stubs
 *(.glue_7)
 .glue_7        0x00000000        0x0 linker stubs
 *(.rodata .rodata* .gnu.linkonce.r.*)
 .rodata        0x08007b24      0x258 ..\obj\midifile.o
 .rodata        0x08007d7c      0x4c0 ..\obj\unicode.o
 .rodata        0x0800823c       0xb8 ..\obj\main.o
 .rodata        0x080082f4       0x24 ..\obj\printf.o
 .rodata        0x08008318      0x1d4 ..\obj\midiutil.o
 .rodata        0x080084ec       0xa4 ..\obj\ff.o
 .rodata        0x08008590        0x8 ..\obj\sd_spi_stm32.o
 .rodata.str1.4
                0x08008598        0x4 c:/program files (x86)/gnu tools arm embedded/4.6 2012q2/bin/../lib/gcc/arm-none-eabi/4.6.2/../../../../arm-none-eabi/lib/armv7-m\libg.a(lib_a-impure.o)

.vfp11_veneer   0x0800859c        0x0
 .vfp11_veneer  0x00000000        0x0 linker stubs

.v4_bx          0x0800859c        0x0
 .v4_bx         0x00000000        0x0 linker stubs

.ARM.extab
 *(.ARM.extab* .gnu.linkonce.armextab.*)
                0x0800859c                __exidx_start = .

.ARM.exidx
 *(.ARM.exidx* .gnu.linkonce.armexidx.*)
                0x0800859c                __exidx_end = .
                0x0800859c                . = ALIGN (0x4)
                0x0800859c                _etext = .
                0x0800859c                _sidata = .

.data           0x20000000      0x90c load address 0x0800859c
                0x20000000                _sdata = .
 *(.data .data.*)
 .data          0x20000000       0x14 ..\obj\system_stm32f10x.o
                0x20000000                SystemCoreClock
                0x20000004                AHBPrescTable
 .data          0x20000014       0x14 ..\obj\stm32f10x_rcc.o
 .data          0x20000028       0xa0 ..\obj\midiutil.o
 .data          0x200000c8        0x1 ..\obj\sd_spi_stm32.o
 *fill*         0x200000c9        0x7 00
 .data.impure_data
                0x200000d0      0x428 c:/program files (x86)/gnu tools arm embedded/4.6 2012q2/bin/../lib/gcc/arm-none-eabi/4.6.2/../../../../arm-none-eabi/lib/armv7-m\libg.a(lib_a-impure.o)
 .data._impure_ptr
                0x200004f8        0x4 c:/program files (x86)/gnu tools arm embedded/4.6 2012q2/bin/../lib/gcc/arm-none-eabi/4.6.2/../../../../arm-none-eabi/lib/armv7-m\libg.a(lib_a-impure.o)
                0x200004f8                _impure_ptr
 .data.__malloc_av_
                0x200004fc      0x408 c:/program files (x86)/gnu tools arm embedded/4.6 2012q2/bin/../lib/gcc/arm-none-eabi/4.6.2/../../../../arm-none-eabi/lib/armv7-m\libg.a(lib_a-mallocr.o)
                0x200004fc                __malloc_av_
 .data.__malloc_trim_threshold
                0x20000904        0x4 c:/program files (x86)/gnu tools arm embedded/4.6 2012q2/bin/../lib/gcc/arm-none-eabi/4.6.2/../../../../arm-none-eabi/lib/armv7-m\libg.a(lib_a-mallocr.o)
                0x20000904                __malloc_trim_threshold
 .data.__malloc_sbrk_base
                0x20000908        0x4 c:/program files (x86)/gnu tools arm embedded/4.6 2012q2/bin/../lib/gcc/arm-none-eabi/4.6.2/../../../../arm-none-eabi/lib/armv7-m\libg.a(lib_a-mallocr.o)
                0x20000908                __malloc_sbrk_base
                0x2000090c                . = ALIGN (0x4)
                0x2000090c                _edata = .

.bss            0x2000090c      0x85c load address 0x08008ea8
                0x2000090c                _sbss = .
 *(.bss .bss.*)
 .bss           0x2000090c      0x700 ..\obj\midifile.o
 .bss           0x2000100c        0x4 ..\obj\syscalls.o
 .bss           0x20001010        0x4 ..\obj\stm32f10x_it.o
 .bss           0x20001014      0x10c ..\obj\ff.o
 .bss           0x20001120       0x10 ..\obj\sd_spi_stm32.o
 .bss.__malloc_max_total_mem
                0x20001130        0x4 c:/program files (x86)/gnu tools arm embedded/4.6 2012q2/bin/../lib/gcc/arm-none-eabi/4.6.2/../../../../arm-none-eabi/lib/armv7-m\libg.a(lib_a-mallocr.o)
                0x20001130                __malloc_max_total_mem
 .bss.__malloc_max_sbrked_mem
                0x20001134        0x4 c:/program files (x86)/gnu tools arm embedded/4.6 2012q2/bin/../lib/gcc/arm-none-eabi/4.6.2/../../../../arm-none-eabi/lib/armv7-m\libg.a(lib_a-mallocr.o)
                0x20001134                __malloc_max_sbrked_mem
 .bss.__malloc_top_pad
                0x20001138        0x4 c:/program files (x86)/gnu tools arm embedded/4.6 2012q2/bin/../lib/gcc/arm-none-eabi/4.6.2/../../../../arm-none-eabi/lib/armv7-m\libg.a(lib_a-mallocr.o)
                0x20001138                __malloc_top_pad
 .bss.__malloc_current_mallinfo
                0x2000113c       0x28 c:/program files (x86)/gnu tools arm embedded/4.6 2012q2/bin/../lib/gcc/arm-none-eabi/4.6.2/../../../../arm-none-eabi/lib/armv7-m\libg.a(lib_a-mallocr.o)
                0x2000113c                __malloc_current_mallinfo
 *(COMMON)
 COMMON         0x20001164        0x4 c:/program files (x86)/gnu tools arm embedded/4.6 2012q2/bin/../lib/gcc/arm-none-eabi/4.6.2/../../../../arm-none-eabi/lib/armv7-m\libg.a(lib_a-reent.o)
                0x20001164                errno
                0x20001168                . = ALIGN (0x4)
                0x20001168                _ebss = .

.co_stack       0x20001168      0xc04 load address 0x08009704
                0x20001168                . = ALIGN (0x8)
 *(.co_stack .co_stack.*)
 .co_stack      0x20001168      0xc04 ..\obj\startup_stm32f10x_md_vl.o
                0x20001168                pulStack
                0x20001d6c                . = ALIGN (0x4)
                0x20001d6c                _end = .
LOAD ..\obj\stm32f10x_rtc.o
LOAD ..\obj\midifile.o
LOAD ..\obj\unicode.o
LOAD ..\obj\startup_stm32f10x_md_vl.o
LOAD ..\obj\core_cm3.o
LOAD ..\obj\system_stm32f10x.o
LOAD ..\obj\uart.o
LOAD ..\obj\stm32f10x_pwr.o
LOAD ..\obj\stm32f10x_gpio.o
LOAD ..\obj\main.o
LOAD ..\obj\printf.o
LOAD ..\obj\stm32f10x_rcc.o
LOAD ..\obj\stm32f10x_usart.o
LOAD ..\obj\syscall.o
LOAD ..\obj\syscalls.o
LOAD ..\obj\midiutil.o
LOAD ..\obj\stm32f10x_it.o
LOAD ..\obj\debug.o
LOAD ..\obj\ff.o
LOAD ..\obj\stm32f10x_spi.o
LOAD ..\obj\fattime.o
LOAD ..\obj\sd_spi_stm32.o
LOAD ..\obj\stm32f10x_bkp.o
START GROUP
LOAD c:/program files (x86)/gnu tools arm embedded/4.6 2012q2/bin/../lib/gcc/arm-none-eabi/4.6.2/armv7-m\libgcc.a
LOAD c:/program files (x86)/gnu tools arm embedded/4.6 2012q2/bin/../lib/gcc/arm-none-eabi/4.6.2/../../../../arm-none-eabi/lib/armv7-m\libg.a
LOAD c:/program files (x86)/gnu tools arm embedded/4.6 2012q2/bin/../lib/gcc/arm-none-eabi/4.6.2/../../../../arm-none-eabi/lib/armv7-m\libc.a
END GROUP
OUTPUT(sd_card_stm32vldiscovery.elf elf32-littlearm)

.debug_info     0x00000000     0xc266
 .debug_info    0x00000000      0x46a ..\obj\stm32f10x_rtc.o
 .debug_info    0x0000046a     0x19c9 ..\obj\midifile.o
 .debug_info    0x00001e33      0x15d ..\obj\unicode.o
 .debug_info    0x00001f90      0x132 ..\obj\startup_stm32f10x_md_vl.o
 .debug_info    0x000020c2      0x548 ..\obj\core_cm3.o
 .debug_info    0x0000260a      0x433 ..\obj\system_stm32f10x.o
 .debug_info    0x00002a3d      0xd43 ..\obj\uart.o
 .debug_info    0x00003780      0x45b ..\obj\stm32f10x_pwr.o
 .debug_info    0x00003bdb      0x723 ..\obj\stm32f10x_gpio.o
 .debug_info    0x000042fe     0x15d7 ..\obj\main.o
 .debug_info    0x000058d5      0xf1c ..\obj\printf.o
 .debug_info    0x000067f1      0x976 ..\obj\stm32f10x_rcc.o
 .debug_info    0x00007167      0xa6c ..\obj\stm32f10x_usart.o
 .debug_info    0x00007bd3       0x6f ..\obj\syscall.o
 .debug_info    0x00007c42      0x440 ..\obj\syscalls.o
 .debug_info    0x00008082      0x704 ..\obj\midiutil.o
 .debug_info    0x00008786      0x247 ..\obj\stm32f10x_it.o
 .debug_info    0x000089cd       0x73 ..\obj\debug.o
 .debug_info    0x00008a40     0x1bd5 ..\obj\ff.o
 .debug_info    0x0000a615      0x971 ..\obj\stm32f10x_spi.o
 .debug_info    0x0000af86       0x82 ..\obj\fattime.o
 .debug_info    0x0000b008      0x9e5 ..\obj\sd_spi_stm32.o
 .debug_info    0x0000b9ed      0x879 ..\obj\stm32f10x_bkp.o

.debug_abbrev   0x00000000     0x1dc6
 .debug_abbrev  0x00000000      0x166 ..\obj\stm32f10x_rtc.o
 .debug_abbrev  0x00000166      0x246 ..\obj\midifile.o
 .debug_abbrev  0x000003ac       0xa5 ..\obj\unicode.o
 .debug_abbrev  0x00000451       0xac ..\obj\startup_stm32f10x_md_vl.o
 .debug_abbrev  0x000004fd       0xd5 ..\obj\core_cm3.o
 .debug_abbrev  0x000005d2      0x17e ..\obj\system_stm32f10x.o
 .debug_abbrev  0x00000750      0x21d ..\obj\uart.o
 .debug_abbrev  0x0000096d      0x184 ..\obj\stm32f10x_pwr.o
 .debug_abbrev  0x00000af1      0x1a4 ..\obj\stm32f10x_gpio.o
 .debug_abbrev  0x00000c95      0x22d ..\obj\main.o
 .debug_abbrev  0x00000ec2      0x23d ..\obj\printf.o
 .debug_abbrev  0x000010ff      0x191 ..\obj\stm32f10x_rcc.o
 .debug_abbrev  0x00001290      0x15b ..\obj\stm32f10x_usart.o
 .debug_abbrev  0x000013eb       0x28 ..\obj\syscall.o
 .debug_abbrev  0x00001413       0xde ..\obj\syscalls.o
 .debug_abbrev  0x000014f1      0x131 ..\obj\midiutil.o
 .debug_abbrev  0x00001622      0x106 ..\obj\stm32f10x_it.o
 .debug_abbrev  0x00001728       0x2a ..\obj\debug.o
 .debug_abbrev  0x00001752      0x16a ..\obj\ff.o
 .debug_abbrev  0x000018bc      0x15d ..\obj\stm32f10x_spi.o
 .debug_abbrev  0x00001a19       0x4e ..\obj\fattime.o
 .debug_abbrev  0x00001a67      0x209 ..\obj\sd_spi_stm32.o
 .debug_abbrev  0x00001c70      0x156 ..\obj\stm32f10x_bkp.o

.debug_loc      0x00000000     0x4350
 .debug_loc     0x00000000      0x2e0 ..\obj\stm32f10x_rtc.o
 .debug_loc     0x000002e0      0x57d ..\obj\midifile.o
 .debug_loc     0x0000085d       0x70 ..\obj\unicode.o
 .debug_loc     0x000008cd       0x64 ..\obj\startup_stm32f10x_md_vl.o
 .debug_loc     0x00000931      0x3f0 ..\obj\core_cm3.o
 .debug_loc     0x00000d21       0xc8 ..\obj\system_stm32f10x.o
 .debug_loc     0x00000de9       0xe0 ..\obj\uart.o
 .debug_loc     0x00000ec9      0x238 ..\obj\stm32f10x_pwr.o
 .debug_loc     0x00001101      0x3e4 ..\obj\stm32f10x_gpio.o
 .debug_loc     0x000014e5       0xef ..\obj\main.o
 .debug_loc     0x000015d4      0x3b2 ..\obj\printf.o
 .debug_loc     0x00001986      0x714 ..\obj\stm32f10x_rcc.o
 .debug_loc     0x0000209a      0x658 ..\obj\stm32f10x_usart.o
 .debug_loc     0x000026f2      0x1ec ..\obj\syscalls.o
 .debug_loc     0x000028de      0x234 ..\obj\midiutil.o
 .debug_loc     0x00002b12      0x160 ..\obj\stm32f10x_it.o
 .debug_loc     0x00002c72      0xaca ..\obj\ff.o
 .debug_loc     0x0000373c      0x508 ..\obj\stm32f10x_spi.o
 .debug_loc     0x00003c44       0x2c ..\obj\fattime.o
 .debug_loc     0x00003c70      0x47c ..\obj\sd_spi_stm32.o
 .debug_loc     0x000040ec      0x264 ..\obj\stm32f10x_bkp.o

.debug_aranges  0x00000000      0xbe8
 .debug_aranges
                0x00000000       0x88 ..\obj\stm32f10x_rtc.o
 .debug_aranges
                0x00000088       0xe0 ..\obj\midifile.o
 .debug_aranges
                0x00000168       0x28 ..\obj\unicode.o
 .debug_aranges
                0x00000190       0x28 ..\obj\startup_stm32f10x_md_vl.o
 .debug_aranges
                0x000001b8       0xc8 ..\obj\core_cm3.o
 .debug_aranges
                0x00000280       0x38 ..\obj\system_stm32f10x.o
 .debug_aranges
                0x000002b8       0x38 ..\obj\uart.o
 .debug_aranges
                0x000002f0       0x70 ..\obj\stm32f10x_pwr.o
 .debug_aranges
                0x00000360       0xa8 ..\obj\stm32f10x_gpio.o
 .debug_aranges
                0x00000408       0x38 ..\obj\main.o
 .debug_aranges
                0x00000440       0x98 ..\obj\printf.o
 .debug_aranges
                0x000004d8      0x120 ..\obj\stm32f10x_rcc.o
 .debug_aranges
                0x000005f8      0x100 ..\obj\stm32f10x_usart.o
 .debug_aranges
                0x000006f8       0x60 ..\obj\syscalls.o
 .debug_aranges
                0x00000758       0x68 ..\obj\midiutil.o
 .debug_aranges
                0x000007c0       0x58 ..\obj\stm32f10x_it.o
 .debug_aranges
                0x00000818      0x1a0 ..\obj\ff.o
 .debug_aranges
                0x000009b8       0xd0 ..\obj\stm32f10x_spi.o
 .debug_aranges
                0x00000a88       0x20 ..\obj\fattime.o
 .debug_aranges
                0x00000aa8       0xc8 ..\obj\sd_spi_stm32.o
 .debug_aranges
                0x00000b70       0x78 ..\obj\stm32f10x_bkp.o

.debug_ranges   0x00000000      0xa98
 .debug_ranges  0x00000000       0x78 ..\obj\stm32f10x_rtc.o
 .debug_ranges  0x00000078       0xd0 ..\obj\midifile.o
 .debug_ranges  0x00000148       0x18 ..\obj\unicode.o
 .debug_ranges  0x00000160       0x18 ..\obj\startup_stm32f10x_md_vl.o
 .debug_ranges  0x00000178       0xb8 ..\obj\core_cm3.o
 .debug_ranges  0x00000230       0x28 ..\obj\system_stm32f10x.o
 .debug_ranges  0x00000258       0x28 ..\obj\uart.o
 .debug_ranges  0x00000280       0x60 ..\obj\stm32f10x_pwr.o
 .debug_ranges  0x000002e0       0x98 ..\obj\stm32f10x_gpio.o
 .debug_ranges  0x00000378       0x28 ..\obj\main.o
 .debug_ranges  0x000003a0       0x88 ..\obj\printf.o
 .debug_ranges  0x00000428      0x110 ..\obj\stm32f10x_rcc.o
 .debug_ranges  0x00000538       0xf0 ..\obj\stm32f10x_usart.o
 .debug_ranges  0x00000628       0x50 ..\obj\syscalls.o
 .debug_ranges  0x00000678       0x58 ..\obj\midiutil.o
 .debug_ranges  0x000006d0       0x48 ..\obj\stm32f10x_it.o
 .debug_ranges  0x00000718      0x190 ..\obj\ff.o
 .debug_ranges  0x000008a8       0xc0 ..\obj\stm32f10x_spi.o
 .debug_ranges  0x00000968       0x10 ..\obj\fattime.o
 .debug_ranges  0x00000978       0xb8 ..\obj\sd_spi_stm32.o
 .debug_ranges  0x00000a30       0x68 ..\obj\stm32f10x_bkp.o

.debug_line     0x00000000     0x4a70
 .debug_line    0x00000000      0x291 ..\obj\stm32f10x_rtc.o
 .debug_line    0x00000291      0x5fd ..\obj\midifile.o
 .debug_line    0x0000088e       0xfb ..\obj\unicode.o
 .debug_line    0x00000989       0xa5 ..\obj\startup_stm32f10x_md_vl.o
 .debug_line    0x00000a2e      0x290 ..\obj\core_cm3.o
 .debug_line    0x00000cbe      0x21c ..\obj\system_stm32f10x.o
 .debug_line    0x00000eda      0x345 ..\obj\uart.o
 .debug_line    0x0000121f      0x24e ..\obj\stm32f10x_pwr.o
 .debug_line    0x0000146d      0x36c ..\obj\stm32f10x_gpio.o
 .debug_line    0x000017d9      0x2d6 ..\obj\main.o
 .debug_line    0x00001aaf      0x3df ..\obj\printf.o
 .debug_line    0x00001e8e      0x48a ..\obj\stm32f10x_rcc.o
 .debug_line    0x00002318      0x458 ..\obj\stm32f10x_usart.o
 .debug_line    0x00002770       0x1d ..\obj\syscall.o
 .debug_line    0x0000278d      0x19e ..\obj\syscalls.o
 .debug_line    0x0000292b      0x37f ..\obj\midiutil.o
 .debug_line    0x00002caa      0x23c ..\obj\stm32f10x_it.o
 .debug_line    0x00002ee6       0x1d ..\obj\debug.o
 .debug_line    0x00002f03      0xeb2 ..\obj\ff.o
 .debug_line    0x00003db5      0x3df ..\obj\stm32f10x_spi.o
 .debug_line    0x00004194       0x99 ..\obj\fattime.o
 .debug_line    0x0000422d      0x5f9 ..\obj\sd_spi_stm32.o
 .debug_line    0x00004826      0x24a ..\obj\stm32f10x_bkp.o

.debug_str      0x00000000     0x4008
 .debug_str     0x00000000      0x2ee ..\obj\stm32f10x_rtc.o
                                0x33c (size before relaxing)
 .debug_str     0x000002ee     0x1315 ..\obj\midifile.o
                               0x14c5 (size before relaxing)
 .debug_str     0x00001603       0x64 ..\obj\unicode.o
                                0x110 (size before relaxing)
 .debug_str     0x00001667       0xb3 ..\obj\startup_stm32f10x_md_vl.o
                                0x11b (size before relaxing)
 .debug_str     0x0000171a      0x162 ..\obj\core_cm3.o
                                0x266 (size before relaxing)
 .debug_str     0x0000187c      0x157 ..\obj\system_stm32f10x.o
                                0x26e (size before relaxing)
 .debug_str     0x000019d3      0x5ae ..\obj\uart.o
                                0x797 (size before relaxing)
 .debug_str     0x00001f81      0x127 ..\obj\stm32f10x_pwr.o
                                0x2ac (size before relaxing)
 .debug_str     0x000020a8      0x25f ..\obj\stm32f10x_gpio.o
                                0x4b3 (size before relaxing)
 .debug_str     0x00002307      0x39d ..\obj\main.o
                               0x15d2 (size before relaxing)
 .debug_str     0x000026a4      0x10f ..\obj\printf.o
                                0x623 (size before relaxing)
 .debug_str     0x000027b3      0x417 ..\obj\stm32f10x_rcc.o
                                0x607 (size before relaxing)
 .debug_str     0x00002bca      0x3a2 ..\obj\stm32f10x_usart.o
                                0x62a (size before relaxing)
 .debug_str     0x00002f6c       0x39 ..\obj\syscall.o
                                0x10b (size before relaxing)
 .debug_str     0x00002fa5      0x140 ..\obj\syscalls.o
                                0x2a1 (size before relaxing)
 .debug_str     0x000030e5      0x20d ..\obj\midiutil.o
                                0x675 (size before relaxing)
 .debug_str     0x000032f2       0xd3 ..\obj\stm32f10x_it.o
                                0x1f5 (size before relaxing)
 .debug_str     0x000033c5       0x30 ..\obj\debug.o
                                0x14a (size before relaxing)
 .debug_str     0x000033f5      0x2da ..\obj\ff.o
                                0x5fe (size before relaxing)
 .debug_str     0x000036cf      0x376 ..\obj\stm32f10x_spi.o
                                0x597 (size before relaxing)
 .debug_str     0x00003a45       0x3e ..\obj\fattime.o
                                 0xe5 (size before relaxing)
 .debug_str     0x00003a83      0x1ed ..\obj\sd_spi_stm32.o
                                0x5a9 (size before relaxing)
 .debug_str     0x00003c70      0x398 ..\obj\stm32f10x_bkp.o
                                0x54f (size before relaxing)

.comment        0x00000000       0x70
 .comment       0x00000000       0x70 ..\obj\stm32f10x_rtc.o
                                 0x71 (size before relaxing)
 .comment       0x00000000       0x71 ..\obj\midifile.o
 .comment       0x00000000       0x71 ..\obj\unicode.o
 .comment       0x00000000       0x71 ..\obj\startup_stm32f10x_md_vl.o
 .comment       0x00000000       0x71 ..\obj\core_cm3.o
 .comment       0x00000000       0x71 ..\obj\system_stm32f10x.o
 .comment       0x00000000       0x71 ..\obj\uart.o
 .comment       0x00000000       0x71 ..\obj\stm32f10x_pwr.o
 .comment       0x00000000       0x71 ..\obj\stm32f10x_gpio.o
 .comment       0x00000000       0x71 ..\obj\main.o
 .comment       0x00000000       0x71 ..\obj\printf.o
 .comment       0x00000000       0x71 ..\obj\stm32f10x_rcc.o
 .comment       0x00000000       0x71 ..\obj\stm32f10x_usart.o
 .comment       0x00000000       0x71 ..\obj\syscall.o
 .comment       0x00000000       0x71 ..\obj\syscalls.o
 .comment       0x00000000       0x71 ..\obj\midiutil.o
 .comment       0x00000000       0x71 ..\obj\stm32f10x_it.o
 .comment       0x00000000       0x71 ..\obj\debug.o
 .comment       0x00000000       0x71 ..\obj\ff.o
 .comment       0x00000000       0x71 ..\obj\stm32f10x_spi.o
 .comment       0x00000000       0x71 ..\obj\fattime.o
 .comment       0x00000000       0x71 ..\obj\sd_spi_stm32.o
 .comment       0x00000000       0x71 ..\obj\stm32f10x_bkp.o

.ARM.attributes
                0x00000000       0x33
 .ARM.attributes
                0x00000000       0x33 ..\obj\stm32f10x_rtc.o
 .ARM.attributes
                0x00000033       0x33 ..\obj\midifile.o
 .ARM.attributes
                0x00000066       0x33 ..\obj\unicode.o
 .ARM.attributes
                0x00000099       0x33 ..\obj\startup_stm32f10x_md_vl.o
 .ARM.attributes
                0x000000cc       0x33 ..\obj\core_cm3.o
 .ARM.attributes
                0x000000ff       0x33 ..\obj\system_stm32f10x.o
 .ARM.attributes
                0x00000132       0x33 ..\obj\uart.o
 .ARM.attributes
                0x00000165       0x33 ..\obj\stm32f10x_pwr.o
 .ARM.attributes
                0x00000198       0x33 ..\obj\stm32f10x_gpio.o
 .ARM.attributes
                0x000001cb       0x33 ..\obj\main.o
 .ARM.attributes
                0x000001fe       0x33 ..\obj\printf.o
 .ARM.attributes
                0x00000231       0x33 ..\obj\stm32f10x_rcc.o
 .ARM.attributes
                0x00000264       0x33 ..\obj\stm32f10x_usart.o
 .ARM.attributes
                0x00000297       0x33 ..\obj\syscall.o
 .ARM.attributes
                0x000002ca       0x33 ..\obj\syscalls.o
 .ARM.attributes
                0x000002fd       0x33 ..\obj\midiutil.o
 .ARM.attributes
                0x00000330       0x33 ..\obj\stm32f10x_it.o
 .ARM.attributes
                0x00000363       0x33 ..\obj\debug.o
 .ARM.attributes
                0x00000396       0x33 ..\obj\ff.o
 .ARM.attributes
                0x000003c9       0x33 ..\obj\stm32f10x_spi.o
 .ARM.attributes
                0x000003fc       0x33 ..\obj\fattime.o
 .ARM.attributes
                0x0000042f       0x33 ..\obj\sd_spi_stm32.o
 .ARM.attributes
                0x00000462       0x33 ..\obj\stm32f10x_bkp.o
 .ARM.attributes
                0x00000495       0x1d c:/program files (x86)/gnu tools arm embedded/4.6 2012q2/bin/../lib/gcc/arm-none-eabi/4.6.2/armv7-m\libgcc.a(_arm_addsubsf3.o)
 .ARM.attributes
                0x000004b2       0x1d c:/program files (x86)/gnu tools arm embedded/4.6 2012q2/bin/../lib/gcc/arm-none-eabi/4.6.2/armv7-m\libgcc.a(_arm_muldivsf3.o)
 .ARM.attributes
                0x000004cf       0x1d c:/program files (x86)/gnu tools arm embedded/4.6 2012q2/bin/../lib/gcc/arm-none-eabi/4.6.2/armv7-m\libgcc.a(_arm_cmpsf2.o)
 .ARM.attributes
                0x000004ec       0x2d c:/program files (x86)/gnu tools arm embedded/4.6 2012q2/bin/../lib/gcc/arm-none-eabi/4.6.2/../../../../arm-none-eabi/lib/armv7-m\libg.a(lib_a-atoi.o)
 .ARM.attributes
                0x00000519       0x2d c:/program files (x86)/gnu tools arm embedded/4.6 2012q2/bin/../lib/gcc/arm-none-eabi/4.6.2/../../../../arm-none-eabi/lib/armv7-m\libg.a(lib_a-ctype_.o)
 .ARM.attributes
                0x00000546       0x2d c:/program files (x86)/gnu tools arm embedded/4.6 2012q2/bin/../lib/gcc/arm-none-eabi/4.6.2/../../../../arm-none-eabi/lib/armv7-m\libg.a(lib_a-fclose.o)
 .ARM.attributes
                0x00000573       0x2d c:/program files (x86)/gnu tools arm embedded/4.6 2012q2/bin/../lib/gcc/arm-none-eabi/4.6.2/../../../../arm-none-eabi/lib/armv7-m\libg.a(lib_a-fflush.o)
 .ARM.attributes
                0x000005a0       0x2d c:/program files (x86)/gnu tools arm embedded/4.6 2012q2/bin/../lib/gcc/arm-none-eabi/4.6.2/../../../../arm-none-eabi/lib/armv7-m\libg.a(lib_a-findfp.o)
 .ARM.attributes
                0x000005cd       0x2d c:/program files (x86)/gnu tools arm embedded/4.6 2012q2/bin/../lib/gcc/arm-none-eabi/4.6.2/../../../../arm-none-eabi/lib/armv7-m\libg.a(lib_a-freer.o)
 .ARM.attributes
                0x000005fa       0x2d c:/program files (x86)/gnu tools arm embedded/4.6 2012q2/bin/../lib/gcc/arm-none-eabi/4.6.2/../../../../arm-none-eabi/lib/armv7-m\libg.a(lib_a-fwalk.o)
 .ARM.attributes
                0x00000627       0x2d c:/program files (x86)/gnu tools arm embedded/4.6 2012q2/bin/../lib/gcc/arm-none-eabi/4.6.2/../../../../arm-none-eabi/lib/armv7-m\libg.a(lib_a-impure.o)
 .ARM.attributes
                0x00000654       0x2d c:/program files (x86)/gnu tools arm embedded/4.6 2012q2/bin/../lib/gcc/arm-none-eabi/4.6.2/../../../../arm-none-eabi/lib/armv7-m\libg.a(lib_a-malloc.o)
 .ARM.attributes
                0x00000681       0x2d c:/program files (x86)/gnu tools arm embedded/4.6 2012q2/bin/../lib/gcc/arm-none-eabi/4.6.2/../../../../arm-none-eabi/lib/armv7-m\libg.a(lib_a-mallocr.o)
 .ARM.attributes
                0x000006ae       0x2d c:/program files (x86)/gnu tools arm embedded/4.6 2012q2/bin/../lib/gcc/arm-none-eabi/4.6.2/../../../../arm-none-eabi/lib/armv7-m\libg.a(lib_a-memcpy.o)
 .ARM.attributes
                0x000006db       0x2d c:/program files (x86)/gnu tools arm embedded/4.6 2012q2/bin/../lib/gcc/arm-none-eabi/4.6.2/../../../../arm-none-eabi/lib/armv7-m\libg.a(lib_a-memset.o)
 .ARM.attributes
                0x00000708       0x2d c:/program files (x86)/gnu tools arm embedded/4.6 2012q2/bin/../lib/gcc/arm-none-eabi/4.6.2/../../../../arm-none-eabi/lib/armv7-m\libg.a(lib_a-mlock.o)
 .ARM.attributes
                0x00000735       0x2d c:/program files (x86)/gnu tools arm embedded/4.6 2012q2/bin/../lib/gcc/arm-none-eabi/4.6.2/../../../../arm-none-eabi/lib/armv7-m\libg.a(lib_a-realloc.o)
 .ARM.attributes
                0x00000762       0x2d c:/program files (x86)/gnu tools arm embedded/4.6 2012q2/bin/../lib/gcc/arm-none-eabi/4.6.2/../../../../arm-none-eabi/lib/armv7-m\libg.a(lib_a-reallocr.o)
 .ARM.attributes
                0x0000078f       0x2d c:/program files (x86)/gnu tools arm embedded/4.6 2012q2/bin/../lib/gcc/arm-none-eabi/4.6.2/../../../../arm-none-eabi/lib/armv7-m\libg.a(lib_a-sbrkr.o)
 .ARM.attributes
                0x000007bc       0x2d c:/program files (x86)/gnu tools arm embedded/4.6 2012q2/bin/../lib/gcc/arm-none-eabi/4.6.2/../../../../arm-none-eabi/lib/armv7-m\libg.a(lib_a-stdio.o)
 .ARM.attributes
                0x000007e9       0x2d c:/program files (x86)/gnu tools arm embedded/4.6 2012q2/bin/../lib/gcc/arm-none-eabi/4.6.2/../../../../arm-none-eabi/lib/armv7-m\libg.a(lib_a-strcat.o)
 .ARM.attributes
                0x00000816       0x2d c:/program files (x86)/gnu tools arm embedded/4.6 2012q2/bin/../lib/gcc/arm-none-eabi/4.6.2/../../../../arm-none-eabi/lib/armv7-m\libg.a(lib_a-strcpy.o)
 .ARM.attributes
                0x00000843       0x2d c:/program files (x86)/gnu tools arm embedded/4.6 2012q2/bin/../lib/gcc/arm-none-eabi/4.6.2/../../../../arm-none-eabi/lib/armv7-m\libg.a(lib_a-strlen.o)
 .ARM.attributes
                0x00000870       0x2d c:/program files (x86)/gnu tools arm embedded/4.6 2012q2/bin/../lib/gcc/arm-none-eabi/4.6.2/../../../../arm-none-eabi/lib/armv7-m\libg.a(lib_a-strncpy.o)
 .ARM.attributes
                0x0000089d       0x2d c:/program files (x86)/gnu tools arm embedded/4.6 2012q2/bin/../lib/gcc/arm-none-eabi/4.6.2/../../../../arm-none-eabi/lib/armv7-m\libg.a(lib_a-strtol.o)
 .ARM.attributes
                0x000008ca       0x2d c:/program files (x86)/gnu tools arm embedded/4.6 2012q2/bin/../lib/gcc/arm-none-eabi/4.6.2/../../../../arm-none-eabi/lib/armv7-m\libg.a(lib_a-writer.o)
 .ARM.attributes
                0x000008f7       0x2d c:/program files (x86)/gnu tools arm embedded/4.6 2012q2/bin/../lib/gcc/arm-none-eabi/4.6.2/../../../../arm-none-eabi/lib/armv7-m\libg.a(lib_a-closer.o)
 .ARM.attributes
                0x00000924       0x2d c:/program files (x86)/gnu tools arm embedded/4.6 2012q2/bin/../lib/gcc/arm-none-eabi/4.6.2/../../../../arm-none-eabi/lib/armv7-m\libg.a(lib_a-lseekr.o)
 .ARM.attributes
                0x00000951       0x2d c:/program files (x86)/gnu tools arm embedded/4.6 2012q2/bin/../lib/gcc/arm-none-eabi/4.6.2/../../../../arm-none-eabi/lib/armv7-m\libg.a(lib_a-memmove.o)
 .ARM.attributes
                0x0000097e       0x2d c:/program files (x86)/gnu tools arm embedded/4.6 2012q2/bin/../lib/gcc/arm-none-eabi/4.6.2/../../../../arm-none-eabi/lib/armv7-m\libg.a(lib_a-readr.o)
 .ARM.attributes
                0x000009ab       0x2d c:/program files (x86)/gnu tools arm embedded/4.6 2012q2/bin/../lib/gcc/arm-none-eabi/4.6.2/../../../../arm-none-eabi/lib/armv7-m\libg.a(lib_a-reent.o)

.debug_frame    0x00000000     0x2c1c
 .debug_frame   0x00000000      0x194 ..\obj\stm32f10x_rtc.o
 .debug_frame   0x00000194      0x318 ..\obj\midifile.o
 .debug_frame   0x000004ac       0x48 ..\obj\unicode.o
 .debug_frame   0x000004f4       0x48 ..\obj\startup_stm32f10x_md_vl.o
 .debug_frame   0x0000053c      0x280 ..\obj\core_cm3.o
 .debug_frame   0x000007bc       0x80 ..\obj\system_stm32f10x.o
 .debug_frame   0x0000083c       0x8c ..\obj\uart.o
 .debug_frame   0x000008c8      0x140 ..\obj\stm32f10x_pwr.o
 .debug_frame   0x00000a08      0x210 ..\obj\stm32f10x_gpio.o
 .debug_frame   0x00000c18       0x90 ..\obj\main.o
 .debug_frame   0x00000ca8      0x224 ..\obj\printf.o
 .debug_frame   0x00000ecc      0x3a4 ..\obj\stm32f10x_rcc.o
 .debug_frame   0x00001270      0x344 ..\obj\stm32f10x_usart.o
 .debug_frame   0x000015b4      0x108 ..\obj\syscalls.o
 .debug_frame   0x000016bc      0x150 ..\obj\midiutil.o
 .debug_frame   0x0000180c       0xd4 ..\obj\stm32f10x_it.o
 .debug_frame   0x000018e0      0x604 ..\obj\ff.o
 .debug_frame   0x00001ee4      0x29c ..\obj\stm32f10x_spi.o
 .debug_frame   0x00002180       0x28 ..\obj\fattime.o
 .debug_frame   0x000021a8      0x294 ..\obj\sd_spi_stm32.o
 .debug_frame   0x0000243c      0x150 ..\obj\stm32f10x_bkp.o
 .debug_frame   0x0000258c       0x30 c:/program files (x86)/gnu tools arm embedded/4.6 2012q2/bin/../lib/gcc/arm-none-eabi/4.6.2/../../../../arm-none-eabi/lib/armv7-m\libg.a(lib_a-atoi.o)
 .debug_frame   0x000025bc       0x3c c:/program files (x86)/gnu tools arm embedded/4.6 2012q2/bin/../lib/gcc/arm-none-eabi/4.6.2/../../../../arm-none-eabi/lib/armv7-m\libg.a(lib_a-fclose.o)
 .debug_frame   0x000025f8       0x40 c:/program files (x86)/gnu tools arm embedded/4.6 2012q2/bin/../lib/gcc/arm-none-eabi/4.6.2/../../../../arm-none-eabi/lib/armv7-m\libg.a(lib_a-fflush.o)
 .debug_frame   0x00002638      0x120 c:/program files (x86)/gnu tools arm embedded/4.6 2012q2/bin/../lib/gcc/arm-none-eabi/4.6.2/../../../../arm-none-eabi/lib/armv7-m\libg.a(lib_a-findfp.o)
 .debug_frame   0x00002758       0x50 c:/program files (x86)/gnu tools arm embedded/4.6 2012q2/bin/../lib/gcc/arm-none-eabi/4.6.2/../../../../arm-none-eabi/lib/armv7-m\libg.a(lib_a-freer.o)
 .debug_frame   0x000027a8       0x54 c:/program files (x86)/gnu tools arm embedded/4.6 2012q2/bin/../lib/gcc/arm-none-eabi/4.6.2/../../../../arm-none-eabi/lib/armv7-m\libg.a(lib_a-fwalk.o)
 .debug_frame   0x000027fc       0x30 c:/program files (x86)/gnu tools arm embedded/4.6 2012q2/bin/../lib/gcc/arm-none-eabi/4.6.2/../../../../arm-none-eabi/lib/armv7-m\libg.a(lib_a-malloc.o)
 .debug_frame   0x0000282c       0x38 c:/program files (x86)/gnu tools arm embedded/4.6 2012q2/bin/../lib/gcc/arm-none-eabi/4.6.2/../../../../arm-none-eabi/lib/armv7-m\libg.a(lib_a-mallocr.o)
 .debug_frame   0x00002864       0x2c c:/program files (x86)/gnu tools arm embedded/4.6 2012q2/bin/../lib/gcc/arm-none-eabi/4.6.2/../../../../arm-none-eabi/lib/armv7-m\libg.a(lib_a-memcpy.o)
 .debug_frame   0x00002890       0x2c c:/program files (x86)/gnu tools arm embedded/4.6 2012q2/bin/../lib/gcc/arm-none-eabi/4.6.2/../../../../arm-none-eabi/lib/armv7-m\libg.a(lib_a-memset.o)
 .debug_frame   0x000028bc       0x30 c:/program files (x86)/gnu tools arm embedded/4.6 2012q2/bin/../lib/gcc/arm-none-eabi/4.6.2/../../../../arm-none-eabi/lib/armv7-m\libg.a(lib_a-mlock.o)
 .debug_frame   0x000028ec       0x20 c:/program files (x86)/gnu tools arm embedded/4.6 2012q2/bin/../lib/gcc/arm-none-eabi/4.6.2/../../../../arm-none-eabi/lib/armv7-m\libg.a(lib_a-realloc.o)
 .debug_frame   0x0000290c       0x38 c:/program files (x86)/gnu tools arm embedded/4.6 2012q2/bin/../lib/gcc/arm-none-eabi/4.6.2/../../../../arm-none-eabi/lib/armv7-m\libg.a(lib_a-reallocr.o)
 .debug_frame   0x00002944       0x2c c:/program files (x86)/gnu tools arm embedded/4.6 2012q2/bin/../lib/gcc/arm-none-eabi/4.6.2/../../../../arm-none-eabi/lib/armv7-m\libg.a(lib_a-sbrkr.o)
 .debug_frame   0x00002970       0x80 c:/program files (x86)/gnu tools arm embedded/4.6 2012q2/bin/../lib/gcc/arm-none-eabi/4.6.2/../../../../arm-none-eabi/lib/armv7-m\libg.a(lib_a-stdio.o)
 .debug_frame   0x000029f0       0x2c c:/program files (x86)/gnu tools arm embedded/4.6 2012q2/bin/../lib/gcc/arm-none-eabi/4.6.2/../../../../arm-none-eabi/lib/armv7-m\libg.a(lib_a-strcat.o)
 .debug_frame   0x00002a1c       0x20 c:/program files (x86)/gnu tools arm embedded/4.6 2012q2/bin/../lib/gcc/arm-none-eabi/4.6.2/../../../../arm-none-eabi/lib/armv7-m\libg.a(lib_a-strcpy.o)
 .debug_frame   0x00002a3c       0x20 c:/program files (x86)/gnu tools arm embedded/4.6 2012q2/bin/../lib/gcc/arm-none-eabi/4.6.2/../../../../arm-none-eabi/lib/armv7-m\libg.a(lib_a-strlen.o)
 .debug_frame   0x00002a5c       0x2c c:/program files (x86)/gnu tools arm embedded/4.6 2012q2/bin/../lib/gcc/arm-none-eabi/4.6.2/../../../../arm-none-eabi/lib/armv7-m\libg.a(lib_a-strncpy.o)
 .debug_frame   0x00002a88       0x50 c:/program files (x86)/gnu tools arm embedded/4.6 2012q2/bin/../lib/gcc/arm-none-eabi/4.6.2/../../../../arm-none-eabi/lib/armv7-m\libg.a(lib_a-strtol.o)
 .debug_frame   0x00002ad8       0x2c c:/program files (x86)/gnu tools arm embedded/4.6 2012q2/bin/../lib/gcc/arm-none-eabi/4.6.2/../../../../arm-none-eabi/lib/armv7-m\libg.a(lib_a-writer.o)
 .debug_frame   0x00002b04       0x2c c:/program files (x86)/gnu tools arm embedded/4.6 2012q2/bin/../lib/gcc/arm-none-eabi/4.6.2/../../../../arm-none-eabi/lib/armv7-m\libg.a(lib_a-closer.o)
 .debug_frame   0x00002b30       0x2c c:/program files (x86)/gnu tools arm embedded/4.6 2012q2/bin/../lib/gcc/arm-none-eabi/4.6.2/../../../../arm-none-eabi/lib/armv7-m\libg.a(lib_a-lseekr.o)
 .debug_frame   0x00002b5c       0x2c c:/program files (x86)/gnu tools arm embedded/4.6 2012q2/bin/../lib/gcc/arm-none-eabi/4.6.2/../../../../arm-none-eabi/lib/armv7-m\libg.a(lib_a-memmove.o)
 .debug_frame   0x00002b88       0x2c c:/program files (x86)/gnu tools arm embedded/4.6 2012q2/bin/../lib/gcc/arm-none-eabi/4.6.2/../../../../arm-none-eabi/lib/armv7-m\libg.a(lib_a-readr.o)
 .debug_frame   0x00002bb4       0x68 c:/program files (x86)/gnu tools arm embedded/4.6 2012q2/bin/../lib/gcc/arm-none-eabi/4.6.2/../../../../arm-none-eabi/lib/armv7-m\libg.a(lib_a-reent.o)
